../Core/Src/main.c:114:16:reverse6	24	static
../Core/Src/main.c:128:13:generate_spi_cmd	32	static
../Core/Src/main.c:141:5:main	8	static
../Core/Src/main.c:237:6:SystemClock_Config	112	static
../Core/Src/main.c:280:13:MX_SPI1_Init	8	static
../Core/Src/main.c:320:13:MX_USART2_UART_Init	8	static
../Core/Src/main.c:355:13:MX_GPIO_Init	32	static
../Core/Src/main.c:382:6:HAL_SPI_TxRxCpltCallback	40	static
../Core/Src/main.c:416:6:StartUARTTXTask	40	static
../Core/Src/main.c:455:6:StartSPIAcquisitionTask	16	static
../Core/Src/main.c:485:6:HAL_TIM_PeriodElapsedCallback	16	static
../Core/Src/main.c:503:6:Error_Handler	8	static,ignoring_inline_asm
